../Core/Src/main.c:69:6:HAL_UART_RxCpltCallback	16	static
../Core/Src/main.c:79:6:timePrint	112	static
../Core/Src/main.c:89:5:main	8	static
../Core/Src/main.c:154:6:SystemClock_Config	72	static
../Core/Src/main.c:191:13:MX_TIM2_Init	32	static
../Core/Src/main.c:236:13:MX_USART1_UART_Init	8	static
../Core/Src/main.c:269:13:MX_GPIO_Init	32	static
../Core/Src/main.c:296:6:ledRedToggle	8	static
../Core/Src/main.c:300:6:ledYellowToggle	8	static
../Core/Src/main.c:304:6:ledGreenToggle	8	static
../Core/Src/main.c:308:6:ledAquaToggle	8	static
../Core/Src/main.c:312:6:ledBlueToggle	8	static
../Core/Src/main.c:316:6:ledPinkToggle	8	static
../Core/Src/main.c:320:6:HAL_TIM_PeriodElapsedCallback	16	static
../Core/Src/main.c:329:6:Error_Handler	4	static,ignoring_inline_asm
